WARN  deprecated: project config key languages.en.languageName was deprecated in Hugo v0.158.0 and will be removed in a future release. Use languages.en.label instead.
WARN  deprecated: project config key languages.vi.languageName was deprecated in Hugo v0.158.0 and will be removed in a future release. Use languages.vi.label instead.
WARN  deprecated: .Site.Languages was deprecated in Hugo v0.156.0 and will be removed in a future release. See https://discourse.gohugo.io/t/56732.
WARN  deprecated: .Language.LanguageName was deprecated in Hugo v0.158.0 and will be removed in a future release. Use .Language.Label instead.
WARN  deprecated: .Site.Data was deprecated in Hugo v0.156.0 and will be removed in a future release. Use hugo.Data instead.
WARN  deprecated: .Language.LanguageName was deprecated in Hugo v0.158.0 and will be removed in a future release. Use .Language.Label instead.
WARN  deprecated: .Language.LanguageName was deprecated in Hugo v0.158.0 and will be removed in a future release. Use .Language.Label instead.
WARN  deprecated: .Language.LanguageName was deprecated in Hugo v0.158.0 and will be removed in a future release. Use .Language.Label instead.
WARN  deprecated: .Language.LanguageName was deprecated in Hugo v0.158.0 and will be removed in a future release. Use .Language.Label instead.
WARN  deprecated: .Language.LanguageName was deprecated in Hugo v0.158.0 and will be removed in a future release. Use .Language.Label instead.
WARN  deprecated: .Language.LanguageName was deprecated in Hugo v0.158.0 and will be removed in a future release. Use .Language.Label instead.
WARN  deprecated: .Language.LanguageName was deprecated in Hugo v0.158.0 and will be removed in a future release. Use .Language.Label instead.
WARN  deprecated: .Language.LanguageName was deprecated in Hugo v0.158.0 and will be removed in a future release. Use .Language.Label instead.
ERROR Rebuild failed: render: [en v1.0.0 guest] failed to render pages: render of "C:/Users/TRUON/Downloads/New folder/eam-workshop-template/content/1-Worklog/1.2-Week2/_index.md" failed: "C:\Users\TRUON\Downloads\New folder\eam-workshop-template\themes\hugo-theme-learn\layouts\_default\list.html:1:3": execute of template failed – File is nil; wrap it in if or with: {{ with partial "header.html" .>: error calling partial: "C:\Users\TRUON\Downloads\New folder\eam-workshop-template\themes\hugo-theme-learn\layouts\partials\header.html:43:7": execute of template failed at <partial "menu.html" .>: "C:\Users\TRUON\Downloads\New folder\eam-workshop-template\layouts\partials\menu.html:116:21": execute of template failed at <.File }}{{ .UniqueID }}{{ end }}
WARN  deprecated: .Language.LanguageName was deprecated in Hugo v0.158.0 and will be removed in a future release. Use .Language.Label instead.
ERROR Rebuild failed: render: [vi v1.0.0 guest] failed to render pages: render of "C:/Users/TRUON/Downloads/New folder/eam-workshop-template/content/_index.vi.md" failed: "C:\Users\TRUON\Downloads\New folder\eam-workshop-template\themes\hugo-theme-learn\layouts\index.html:1:3": execute of template failed – File is nil; wrap it in if or with: {{ with partial "header.html" .>: error calling partial: "C:\Users\TRUON\Downloads\New folder\eam-workshop-template\themes\hugo-theme-learn\layouts\partials\header.html:43:7": execute of template failed at <partial "menu.html" .>: "C:\Users\TRUON\Downloads\New folder\eam-workshop-template\layouts\partials\menu.html:116:21": execute of template failed at <.File }}{{ .UniqueID }}{{ end }}
WARN  deprecated: .Language.LanguageName was deprecated in Hugo v0.158.0 and will be removed in a future release. Use .Language.Label instead.
ERROR Rebuild failed: render: [vi v1.0.0 guest] failed to render pages: render of "C:/Users/TRUON/Downloads/New folder/eam-workshop-template/content/_index.vi.md" failed: "C:\Users\TRUON\Downloads\New folder\eam-workshop-template\themes\hugo-theme-learn\layouts\index.html:1:3": execute of template failed – File is nil; wrap it in if or with: {{ with partial "header.html" .>: error calling partial: "C:\Users\TRUON\Downloads\New folder\eam-workshop-template\themes\hugo-theme-learn\layouts\partials\header.html:43:7": execute of template failed at <partial "menu.html" .>: "C:\Users\TRUON\Downloads\New folder\eam-workshop-template\layouts\partials\menu.html:116:21": execute of template failed at <.File }}{{ .UniqueID }}{{ end }}
WARN  deprecated: .Language.LanguageName was deprecated in Hugo v0.158.0 and will be removed in a future release. Use .Language.Label instead.
WARN  deprecated: .Language.LanguageName was deprecated in Hugo v0.158.0 and will be removed in a future release. Use .Language.Label instead.
WARN  deprecated: .Language.LanguageName was deprecated in Hugo v0.158.0 and will be removed in a future release. Use .Language.Label instead.
WARN  deprecated: project config key languages.en.languageName was deprecated in Hugo v0.158.0 and will be removed in a future release. Use languages.en.label instead.
WARN  deprecated: project config key languages.vi.languageName was deprecated in Hugo v0.158.0 and will be removed in a future release. Use languages.vi.label instead.
WARN  deprecated: .Language.LanguageName was deprecated in Hugo v0.158.0 and will be removed in a future release. Use .Language.Label instead.
WARN  deprecated: .Site.Languages was deprecated in Hugo v0.156.0 and will be removed in a future release. See https://discourse.gohugo.io/t/56732.
WARN  deprecated: .Language.LanguageName was deprecated in Hugo v0.158.0 and will be removed in a future release. Use .Language.Label instead.
WARN  deprecated: .Site.Data was deprecated in Hugo v0.156.0 and will be removed in a future release. Use hugo.Data instead.
WARN  deprecated: .Language.LanguageName was deprecated in Hugo v0.158.0 and will be removed in a future release. Use .Language.Label instead.
WARN  deprecated: .Language.LanguageName was deprecated in Hugo v0.158.0 and will be removed in a future release. Use .Language.Label instead.
WARN  deprecated: .Language.LanguageName was deprecated in Hugo v0.158.0 and will be removed in a future release. Use .Language.Label instead.
WARN  deprecated: project config key languages.en.languageName was deprecated in Hugo v0.158.0 and will be removed in a future release. Use languages.en.label instead.
WARN  deprecated: project config key languages.vi.languageName was deprecated in Hugo v0.158.0 and will be removed in a future release. Use languages.vi.label instead.
WARN  deprecated: .Site.Languages was deprecated in Hugo v0.156.0 and will be removed in a future release. See https://discourse.gohugo.io/t/56732.
WARN  deprecated: .Language.LanguageName was deprecated in Hugo v0.158.0 and will be removed in a future release. Use .Language.Label instead.
WARN  deprecated: .Site.Data was deprecated in Hugo v0.156.0 and will be removed in a future release. Use hugo.Data instead.
WARN  deprecated: .Language.LanguageName was deprecated in Hugo v0.158.0 and will be removed in a future release. Use .Language.Label instead.
WARN  deprecated: project config key languages.en.languageName was deprecated in Hugo v0.158.0 and will be removed in a future release. Use languages.en.label instead.
WARN  deprecated: project config key languages.vi.languageName was deprecated in Hugo v0.158.0 and will be removed in a future release. Use languages.vi.label instead.
WARN  deprecated: .Site.Languages was deprecated in Hugo v0.156.0 and will be removed in a future release. See https://discourse.gohugo.io/t/56732.
WARN  deprecated: .Language.LanguageName was deprecated in Hugo v0.158.0 and will be removed in a future release. Use .Language.Label instead.
WARN  deprecated: .Site.Data was deprecated in Hugo v0.156.0 and will be removed in a future release. Use hugo.Data instead.
WARN  deprecated: project config key languages.en.languageName was deprecated in Hugo v0.158.0 and will be removed in a future release. Use languages.en.label instead.
WARN  deprecated: project config key languages.vi.languageName was deprecated in Hugo v0.158.0 and will be removed in a future release. Use languages.vi.label instead.
WARN  deprecated: .Site.Languages was deprecated in Hugo v0.156.0 and will be removed in a future release. See https://discourse.gohugo.io/t/56732.
WARN  deprecated: .Language.LanguageName was deprecated in Hugo v0.158.0 and will be removed in a future release. Use .Language.Label instead.
WARN  deprecated: .Site.Data was deprecated in Hugo v0.156.0 and will be removed in a future release. Use hugo.Data instead.
WARN  deprecated: .Language.LanguageName was deprecated in Hugo v0.158.0 and will be removed in a future release. Use .Language.Label instead.
WARN  deprecated: .Language.LanguageName was deprecated in Hugo v0.158.0 and will be removed in a future release. Use .Language.Label instead.
WARN  deprecated: project config key languages.en.languageName was deprecated in Hugo v0.158.0 and will be removed in a future release. Use languages.en.label instead.
WARN  deprecated: project config key languages.vi.languageName was deprecated in Hugo v0.158.0 and will be removed in a future release. Use languages.vi.label instead.
WARN  deprecated: .Site.Languages was deprecated in Hugo v0.156.0 and will be removed in a future release. See https://discourse.gohugo.io/t/56732.
WARN  deprecated: .Language.LanguageName was deprecated in Hugo v0.158.0 and will be removed in a future release. Use .Language.Label instead.
WARN  deprecated: .Site.Data was deprecated in Hugo v0.156.0 and will be removed in a future release. Use hugo.Data instead.
WARN  deprecated: .Language.LanguageName was deprecated in Hugo v0.158.0 and will be removed in a future release. Use .Language.Label instead.
WARN  deprecated: .Language.LanguageName was deprecated in Hugo v0.158.0 and will be removed in a future release. Use .Language.Label instead.
WARN  deprecated: .Language.LanguageName was deprecated in Hugo v0.158.0 and will be removed in a future release. Use .Language.Label instead.
WARN  deprecated: .Language.LanguageName was deprecated in Hugo v0.158.0 and will be removed in a future release. Use .Language.Label instead.
WARN  deprecated: .Language.LanguageName was deprecated in Hugo v0.158.0 and will be removed in a future release. Use .Language.Label instead.
WARN  deprecated: .Language.LanguageName was deprecated in Hugo v0.158.0 and will be removed in a future release. Use .Language.Label instead.
WARN  deprecated: .Language.LanguageName was deprecated in Hugo v0.158.0 and will be removed in a future release. Use .Language.Label instead.
WARN  deprecated: .Language.LanguageName was deprecated in Hugo v0.158.0 and will be removed in a future release. Use .Language.Label instead.
WARN  deprecated: .Language.LanguageName was deprecated in Hugo v0.158.0 and will be removed in a future release. Use .Language.Label instead.
WARN  deprecated: .Language.LanguageName was deprecated in Hugo v0.158.0 and will be removed in a future release. Use .Language.Label instead.
WARN  deprecated: .Language.LanguageName was deprecated in Hugo v0.158.0 and will be removed in a future release. Use .Language.Label instead.
WARN  deprecated: .Language.LanguageName was deprecated in Hugo v0.158.0 and will be removed in a future release. Use .Language.Label instead.
WARN  deprecated: .Language.LanguageName was deprecated in Hugo v0.158.0 and will be removed in a future release. Use .Language.Label instead.
WARN  deprecated: .Language.LanguageName was deprecated in Hugo v0.158.0 and will be removed in a future release. Use .Language.Label instead.
WARN  deprecated: .Language.LanguageName was deprecated in Hugo v0.158.0 and will be removed in a future release. Use .Language.Label instead.
WARN  deprecated: .Language.LanguageName was deprecated in Hugo v0.158.0 and will be removed in a future release. Use .Language.Label instead.
WARN  deprecated: .Language.LanguageName was deprecated in Hugo v0.158.0 and will be removed in a future release. Use .Language.Label instead.
WARN  deprecated: .Language.LanguageName was deprecated in Hugo v0.158.0 and will be removed in a future release. Use .Language.Label instead.
WARN  deprecated: .Language.LanguageName was deprecated in Hugo v0.158.0 and will be removed in a future release. Use .Language.Label instead.
WARN  deprecated: .Language.LanguageName was deprecated in Hugo v0.158.0 and will be removed in a future release. Use .Language.Label instead.
WARN  deprecated: .Language.LanguageName was deprecated in Hugo v0.158.0 and will be removed in a future release. Use .Language.Label instead.
